Tokenizing: tests/tokenizer/test_functions.bas
════════════════════════════════════════════════════════════
Line  Col    Type          Name                  Value/Text
════════════════════════════════════════════════════════════
1     0      0x6B/107     NUMBER                10
1     3      0x6D/109     IDENTIFIER            A
1     5      0x60/96      =                     
1     7      0x47/71      SIN                   
1     10     0x69/105     (                     
1     11     0x6D/109     IDENTIFIER            X
1     12     0x6A/106     )                     
1     14     0x63/99      +                     
1     16     0x45/69      COS                   
1     19     0x69/105     (                     
1     20     0x6D/109     IDENTIFIER            Y
1     21     0x6A/106     )                     
1     23     0x62/98      *                     
1     25     0x44/68      ATN                   
1     28     0x69/105     (                     
1     29     0x6D/109     IDENTIFIER            Z
1     30     0x6A/106     )                     
1     31     0x54/84      CR                    
2     0      0x6B/107     NUMBER                20
2     3      0x6D/109     IDENTIFIER            B
2     5      0x60/96      =                     
2     7      0x70/112     CINT                  
2     10     0x69/105     (                     
2     11     0x48/72      RND                   
2     14     0x69/105     (                     
2     15     0x6B/107     NUMBER                0
2     16     0x6A/106     )                     
2     18     0x62/98      *                     
2     20     0x6B/107     NUMBER                100
2     23     0x6A/106     )                     
2     24     0x54/84      CR                    
3     0      0x6B/107     NUMBER                30
3     3      0x6D/109     IDENTIFIER            S$
3     6      0x60/96      =                     
3     8      0x3E/62      CHR$                  
3     12     0x69/105     (                     
3     13     0x6B/107     NUMBER                65
3     15     0x6A/106     )                     
3     17     0x63/99      +                     
3     19     0x3D/61      CLS                   
3     23     0x69/105     (                     
3     24     0x6D/109     IDENTIFIER            A
3     25     0x6A/106     )                     
3     26     0x54/84      CR                    
4     0      TOK_EOF       EOF                 
════════════════════════════════════════════════════════════
Total tokens: 44
