=== TRIGONOMETRIC FUNCTIONS ===
SIN(0) =  0
COS(0) =  1
ATN(1) =  0.785398163397
=== LOGARITHMIC/EXPONENTIAL ===
EXP(1) =  2.71828182846
LOG(2.71828) =  0.999999327347
CLOG(100) =  2
=== NUMERIC FUNCTIONS ===
SQR(16) =  4
ABS(-5.5) =  5.5
INT(3.7) =  3
INT(-3.7) =  -4
SGN(5) =  1
SGN(0) =  0
SGN(-5) =  -1
=== UTILITY FUNCTIONS ===
RND(0) =  0.829360961914
RND(1) =  0.783599853516
FRE(0) =  0
PEEK(0) =  0
=== EXPRESSIONS ===
SIN(0)+COS(0) =  1
SQR(16)*ABS(-2) =  8
INT(SQR(25)) =  5
